Mono path[0] = 'C:/Users/Gokturk/Documents/GitHub/Deprem/ClientExports/YanYana/Windows/YanYana_Data/Managed'
Mono config path = 'C:/Users/Gokturk/Documents/GitHub/Deprem/ClientExports/YanYana/Windows/MonoBleedingEdge/etc'
Input System module state changed to: Initialized.
[Physics::Module] Initialized fallback backend.
[Physics::Module] Id: 0xdecafbad
Initialize engine version: 6000.0.58f2 (92dee566b325)
[Subsystems] Discovering subsystems at path C:/Users/Gokturk/Documents/GitHub/Deprem/ClientExports/YanYana/Windows/YanYana_Data/UnitySubsystems
kGfxThreadingModeSplitJobs is not supported on Direct3D 11. Reverting to kGfxThreadingModeClientWorkerJobs instead.
GfxDevice: creating device client; kGfxThreadingModeClientWorkerJobs
Direct3D:
    Version:  Direct3D 11.0 [level 11.1]
    Renderer: AMD Radeon RX 9070 XT (ID=0x7550)
    Vendor:   ATI
    VRAM:     16188 MB
    Driver:   32.0.31041.1004
Begin MonoManager ReloadAssembly
- Loaded All Assemblies, in  2.146 seconds
- Finished resetting the current domain, in  0.001 seconds
[Physics::Module] Selected backend.
[Physics::Module] Name: PhysX
[Physics::Module] Id: 0xf2b8ea05
[Physics::Module] SDK Version: 4.1.2
[Physics::Module] Integration Version: 1.0.0
[Physics::Module] Threading Mode: Multi-Threaded
D3D11 device created for Microsoft Media Foundation video decoding.
<RI> Initializing input.
Using Windows.Gaming.Input
<RI> Input initialized.
UnloadTime: 0.373300 ms
YAN YANA navigation ready: True
